{
  "title": "Sample Document",
  "outline": [
    {
      "level": "H1",
      "text": "Chapter 1: Introduction",
      "page": 1
    },
    {
      "level": "H2",
      "text": "1.1 Overview",
      "page": 1
    },
    {
      "level": "H3",
      "text": "1.1.1 Background",
      "page": 2
    },
    {
      "level": "H1",
      "text": "Chapter 2: Methodology",
      "page": 3
    },
    {
      "level": "H2",
      "text": "2.1 Approach",
      "page": 3
    }
  ]
}